<pre><code class="hljs">
  <span class="hljs-keyword">const</span> foo = <span class="hljs-string">&#x27;foo&#x27;</span>
  console.<span class="hljs-built_in">log</span>(foo)
</code></pre>
