<pre><code class="my-class hljs">
  const foo = <span class="hljs-string">&#x27;foo&#x27;</span>
  <span class="hljs-built_in">console</span>.<span class="hljs-built_in">log</span>(foo)
</code></pre>